// Jest Snapshot v1, https://goo.gl/fbAQLP

exports[`Storyshots PlaylistItem Simple playlist item 1`] = `
<View
  onLayout={[Function]}
  style={
    Array [
      Object {
        "backgroundColor": "#f0f0f0",
        "flex": 1,
      },
      Object {
        "paddingBottom": 0,
      },
    ]
  }
>
  <View
    style={
      Object {
        "flex": 1,
      }
    }
  >
    <RCTScrollView>
      <View>
        <View
          style={
            Object {
              "flex": 1,
            }
          }
        >
          <Text
            appearance="default"
            category="h3"
            style={
              Array [
                Object {
                  "color": "#222B45",
                  "fontFamily": "System",
                  "fontSize": 30,
                  "fontWeight": "800",
                },
                undefined,
              ]
            }
          >
            Use Case: 
            Primary
          </Text>
          <Text
            appearance="default"
            category="p1"
            style={
              Array [
                Object {
                  "color": "#222B45",
                  "fontFamily": "System",
                  "fontSize": 15,
                  "fontWeight": "400",
                },
                undefined,
              ]
            }
          >
            Usage: 
            The primary.
          </Text>
          <View
            accessible={true}
            focusable={false}
            onClick={[Function]}
            onResponderGrant={[Function]}
            onResponderMove={[Function]}
            onResponderRelease={[Function]}
            onResponderTerminate={[Function]}
            onResponderTerminationRequest={[Function]}
            onStartShouldSetResponder={[Function]}
            style={
              Object {
                "alignItems": "center",
                "backgroundColor": "#FFFFFF",
                "flexDirection": "row",
                "opacity": 1,
                "paddingHorizontal": 8,
                "paddingVertical": 12,
              }
            }
          >
            <Image
              appearance="default"
              shape="round"
              size="giant"
              source={
                Object {
                  "uri": "https://picsum.photos/200/300",
                }
              }
              style={
                Array [
                  Object {
                    "overflow": "hidden",
                  },
                  Object {
                    "borderRadius": 28,
                    "height": 56,
                    "width": 56,
                  },
                ]
              }
            />
            <View
              style={
                Object {
                  "flex": 1,
                }
              }
            >
              <Text
                appearance="default"
                category="label"
                style={
                  Array [
                    Object {
                      "color": "#222B45",
                      "fontFamily": "System",
                      "fontSize": 12,
                      "fontWeight": "800",
                    },
                    Object {
                      "marginLeft": 5,
                    },
                  ]
                }
              >
                Test playlist
                 
                <Text
                  appearance="default"
                  category="label"
                  style={
                    Array [
                      Object {
                        "color": "#222B45",
                        "fontFamily": "System",
                        "fontSize": 12,
                        "fontWeight": "800",
                      },
                      Object {
                        "backgroundColor": "lightgray",
                      },
                    ]
                  }
                >
                   
                  20
                   songs 
                </Text>
              </Text>
              <Text
                appearance="default"
                category="p1"
                style={
                  Array [
                    Object {
                      "color": "#222B45",
                      "fontFamily": "System",
                      "fontSize": 15,
                      "fontWeight": "400",
                    },
                    Array [
                      Object {
                        "color": "#8F9BB3",
                        "fontFamily": "System",
                        "fontSize": 12,
                        "fontWeight": "400",
                        "marginHorizontal": 8,
                      },
                      Object {
                        "textAlign": "left",
                      },
                    ],
                  ]
                }
              >
                Test playlist description
              </Text>
            </View>
          </View>
        </View>
      </View>
    </RCTScrollView>
  </View>
</View>
`;
